<html>
<body>
<pre>
<h1>礦ision Build Log</h1>
<h2>Project:</h2>
C:\Users\shen\Desktop\STM32学习\野火stm32工程模板（3.5.0）\USER\STM32-DEMO.uvproj
Project File Date:  01/21/2017

<h2>Output:</h2>
Build target 'Target 1'
compiling iic.c...
..\App\iic\iic.h(22): warning:  #1-D: last line of file ends without a newline
  #endif
..\App\iic\iic.c(168): warning:  #1-D: last line of file ends without a newline
  }
..\App\iic\iic.c: 2 warnings, 0 errors
linking...
Program Size: Code=5056 RO-data=336 RW-data=48 ZI-data=1024  
"..\Output\STM32-DEMO.axf" - 0 Error(s), 2 Warning(s).
Load "..\\Output\\STM32-DEMO.axf" 
Set JLink Project File to "C:\Users\shen\Desktop\STM32学习\野火stm32工程模板（3.5.0）\USER\JLinkSettings.ini"
* JLink Info: Device "STM32F103ZE" selected (512 KB flash, 64 KB RAM).
 
JLink info:
------------
DLL: V4.80g, compiled Feb 13 2014 20:50:02
Firmware: J-Link ARM V8 compiled Nov 25 2013 19:20:08
Hardware: V8.00
S/N : 99999993 
Feature(s) : RDI,FlashDL,FlashBP,JFlash,GDBFULL 
 
* JLink Info: TotalIRLen = 9, IRPrint = 0x0011
* JLink Info: TotalIRLen = 9, IRPrint = 0x0011
* JLink Info: Found Cortex-M3 r1p1, Little endian.
* JLink Info: FPUnit: 6 code (BP) slots and 2 literal slots
* JLink Info: TPIU fitted.
* JLink Info: ETM fitted.
ROMTableAddr = 0xE00FF003
 
Target info:
------------
Device: STM32F103ZE
VTarget = 3.287V
State of Pins: 
TCK: 1, TDI: 0, TDO: 1, TMS: 0, TRES: 1, TRST: 1
Hardware-Breakpoints: 6
Software-Breakpoints: 8192
Watchpoints:          4
JTAG speed: 2000 kHz
 
Full Chip Erase Done.
Programming Done.
Verify OK.
Application running ...
</pre>
</body>
</html>
       4
JTAG speed: 2000 kHz
 
Full Chip Erase Done.
Programming Done.
Verify OK.
Application running ...
